// Jest Snapshot v1, https://goo.gl/fbAQLP

exports[`Snaps user matches with snapshot 1`] = `
{
  "age": 42,
  "job": "inventor",
  "name": "Tony Tinkerton",
}
`;
